---
created: "2019-02-08T10:24:32.181491971Z"
creator: insta@0.6.1
source: src/lib.rs
expression: "r#\"\nFirst line\nSecond line\n\"#"
---

First line
Second line

